 980 + 3308 x + 4458 x^2 + 3065 x^3 + 1140 x^4 + 225 x^5 + 22 x^6 + 1 x^7
 total: 13199
