 267227532 + 2389804604 x + 9865265424 x^2 + 24946185302 x^3 + 43244524658 x^4 + 54500920980 x^5 + 51684194860 x^6 + 37663193263 x^7 + 21358371744 x^8 + 9490314264 x^9 + 3312396458 x^10 + 907310265 x^11 + 194327374 x^12 + 32357890 x^13 + 4158672 x^14 + 408889 x^15 + 30314 x^16 + 1635 x^17 + 58 x^18 + 1 x^19
 total: 259860994187
