 50 + 100 x + 66 x^2 + 16 x^3 + 1 x^4
 total: 233
